// Jest Snapshot v1, https://goo.gl/fbAQLP

exports[`maxBuildTime global 1`] = `
Array [
  Object {
    "compilation": "34ea3837a1050e206fe0",
    "details": Array [
      Object {
        "payload": Object {
          "context": Object {
            "buildTime": 955,
            "buildTimeOK": false,
            "compilation": "34ea3837a1050e206fe0",
            "rule": 1,
          },
        },
        "query": "
            $input: resolveInputFile();
            {
              entry: #.entry.resolveEntrypoint(#.compilation),
              useCompressedSize: #.useCompressedSize,
              downloadTime: #.downloadTime,
              initialDownloadTime: #.initialDownloadTime,
              asyncDownloadTime: #.asyncDownloadTime,
              rule: #.rule,
            }
            ",
        "type": "discovery",
      },
    ],
    "filename": "input.json",
    "message": "Compilation \\"34ea383\\": Build time is 955 ms. It's over the 1 ms limit",
    "related": Array [
      Object {
        "id": "34ea3837a1050e206fe0",
        "type": "compilation",
      },
    ],
  },
]
`;

exports[`maxBuildTime not match - global 1`] = `Array []`;
