// Jest Snapshot v1, https://goo.gl/fbAQLP

exports[`matches 1`] = `
Array [
  Object {
    "compilation": "718159f8e48dcecd92c9",
    "details": Array [
      Object {
        "filename": "input.json",
        "payload": Object {
          "context": Object {
            "compilation": "718159f8e48dcecd92c9",
            "module": "./src/index.ts",
          },
        },
        "query": "
            $input: resolveInputFile();
            {
              module: #.module.resolveModule(#.compilation),
            }
            ",
        "type": "discovery",
      },
    ],
    "filename": "input.json",
    "message": "Module ./src/index.ts should not be used",
    "related": Array [
      Object {
        "id": "./src/index.ts",
        "type": "module",
      },
    ],
  },
  Object {
    "compilation": "718159f8e48dcecd92c9",
    "details": Array [
      Object {
        "filename": "input.json",
        "payload": Object {
          "context": Object {
            "compilation": "718159f8e48dcecd92c9",
            "module": "./src/index.ts + 3 modules",
          },
        },
        "query": "
            $input: resolveInputFile();
            {
              module: #.module.resolveModule(#.compilation),
            }
            ",
        "type": "discovery",
      },
    ],
    "filename": "input.json",
    "message": "Module ./src/index.ts + 3 modules should not be used",
    "related": Array [
      Object {
        "id": "./src/index.ts + 3 modules",
        "type": "module",
      },
    ],
  },
  Object {
    "compilation": "718159f8e48dcecd92c9",
    "details": Array [
      Object {
        "filename": "input.json",
        "payload": Object {
          "context": Object {
            "compilation": "718159f8e48dcecd92c9",
            "module": "./src/index.ts",
          },
        },
        "query": "
            $input: resolveInputFile();
            {
              module: #.module.resolveModule(#.compilation),
            }
            ",
        "type": "discovery",
      },
    ],
    "filename": "input.json",
    "message": "Module ./src/index.ts should not be used",
    "related": Array [
      Object {
        "id": "./src/index.ts",
        "type": "module",
      },
    ],
  },
  Object {
    "compilation": "718159f8e48dcecd92c9",
    "details": Array [
      Object {
        "filename": "input.json",
        "payload": Object {
          "context": Object {
            "compilation": "718159f8e48dcecd92c9",
            "module": "./src/sub-module.ts",
          },
        },
        "query": "
            $input: resolveInputFile();
            {
              module: #.module.resolveModule(#.compilation),
            }
            ",
        "type": "discovery",
      },
    ],
    "filename": "input.json",
    "message": "Module ./src/sub-module.ts should not be used",
    "related": Array [
      Object {
        "id": "./src/sub-module.ts",
        "type": "module",
      },
    ],
  },
  Object {
    "compilation": "718159f8e48dcecd92c9",
    "details": Array [
      Object {
        "filename": "input.json",
        "payload": Object {
          "context": Object {
            "compilation": "718159f8e48dcecd92c9",
            "module": "./src/index2.ts + 1 modules",
          },
        },
        "query": "
            $input: resolveInputFile();
            {
              module: #.module.resolveModule(#.compilation),
            }
            ",
        "type": "discovery",
      },
    ],
    "filename": "input.json",
    "message": "Module ./src/index2.ts + 1 modules should not be used",
    "related": Array [
      Object {
        "id": "./src/index2.ts + 1 modules",
        "type": "module",
      },
    ],
  },
  Object {
    "compilation": "718159f8e48dcecd92c9",
    "details": Array [
      Object {
        "filename": "input.json",
        "payload": Object {
          "context": Object {
            "compilation": "718159f8e48dcecd92c9",
            "module": "./src/index2.ts",
          },
        },
        "query": "
            $input: resolveInputFile();
            {
              module: #.module.resolveModule(#.compilation),
            }
            ",
        "type": "discovery",
      },
    ],
    "filename": "input.json",
    "message": "Module ./src/index2.ts should not be used",
    "related": Array [
      Object {
        "id": "./src/index2.ts",
        "type": "module",
      },
    ],
  },
  Object {
    "compilation": "718159f8e48dcecd92c9",
    "details": Array [
      Object {
        "filename": "input.json",
        "payload": Object {
          "context": Object {
            "compilation": "718159f8e48dcecd92c9",
            "module": "./src/index2.css",
          },
        },
        "query": "
            $input: resolveInputFile();
            {
              module: #.module.resolveModule(#.compilation),
            }
            ",
        "type": "discovery",
      },
    ],
    "filename": "input.json",
    "message": "Module ./src/index2.css should not be used",
    "related": Array [
      Object {
        "id": "./src/index2.css",
        "type": "module",
      },
    ],
  },
  Object {
    "compilation": "718159f8e48dcecd92c9",
    "details": Array [
      Object {
        "filename": "input.json",
        "payload": Object {
          "context": Object {
            "compilation": "718159f8e48dcecd92c9",
            "module": "./src/test.txt",
          },
        },
        "query": "
            $input: resolveInputFile();
            {
              module: #.module.resolveModule(#.compilation),
            }
            ",
        "type": "discovery",
      },
    ],
    "filename": "input.json",
    "message": "Module ./src/test.txt should not be used",
    "related": Array [
      Object {
        "id": "./src/test.txt",
        "type": "module",
      },
    ],
  },
  Object {
    "compilation": "718159f8e48dcecd92c9",
    "details": Array [
      Object {
        "filename": "input.json",
        "payload": Object {
          "context": Object {
            "compilation": "718159f8e48dcecd92c9",
            "module": "./src/dyn.ts",
          },
        },
        "query": "
            $input: resolveInputFile();
            {
              module: #.module.resolveModule(#.compilation),
            }
            ",
        "type": "discovery",
      },
    ],
    "filename": "input.json",
    "message": "Module ./src/dyn.ts should not be used",
    "related": Array [
      Object {
        "id": "./src/dyn.ts",
        "type": "module",
      },
    ],
  },
  Object {
    "compilation": "718159f8e48dcecd92c9",
    "details": Array [
      Object {
        "filename": "input.json",
        "payload": Object {
          "context": Object {
            "compilation": "718159f8e48dcecd92c9",
            "module": "./src/statoscope.png",
          },
        },
        "query": "
            $input: resolveInputFile();
            {
              module: #.module.resolveModule(#.compilation),
            }
            ",
        "type": "discovery",
      },
    ],
    "filename": "input.json",
    "message": "Module ./src/statoscope.png should not be used",
    "related": Array [
      Object {
        "id": "./src/statoscope.png",
        "type": "module",
      },
    ],
  },
  Object {
    "compilation": "718159f8e48dcecd92c9",
    "details": Array [
      Object {
        "filename": "input.json",
        "payload": Object {
          "context": Object {
            "compilation": "718159f8e48dcecd92c9",
            "module": "./src/index.ts",
          },
        },
        "query": "
            $input: resolveInputFile();
            {
              module: #.module.resolveModule(#.compilation),
            }
            ",
        "type": "discovery",
      },
    ],
    "filename": "input.json",
    "message": "Module ./src/index.ts should not be used",
    "related": Array [
      Object {
        "id": "./src/index.ts",
        "type": "module",
      },
    ],
  },
  Object {
    "compilation": "718159f8e48dcecd92c9",
    "details": Array [
      Object {
        "filename": "input.json",
        "payload": Object {
          "context": Object {
            "compilation": "718159f8e48dcecd92c9",
            "module": "./src/index.ts + 3 modules",
          },
        },
        "query": "
            $input: resolveInputFile();
            {
              module: #.module.resolveModule(#.compilation),
            }
            ",
        "type": "discovery",
      },
    ],
    "filename": "input.json",
    "message": "Module ./src/index.ts + 3 modules should not be used",
    "related": Array [
      Object {
        "id": "./src/index.ts + 3 modules",
        "type": "module",
      },
    ],
  },
  Object {
    "compilation": "718159f8e48dcecd92c9",
    "details": Array [
      Object {
        "filename": "input.json",
        "payload": Object {
          "context": Object {
            "compilation": "718159f8e48dcecd92c9",
            "module": "./src/index.ts",
          },
        },
        "query": "
            $input: resolveInputFile();
            {
              module: #.module.resolveModule(#.compilation),
            }
            ",
        "type": "discovery",
      },
    ],
    "filename": "input.json",
    "message": "Module ./src/index.ts should not be used",
    "related": Array [
      Object {
        "id": "./src/index.ts",
        "type": "module",
      },
    ],
  },
  Object {
    "compilation": "718159f8e48dcecd92c9",
    "details": Array [
      Object {
        "filename": "input.json",
        "payload": Object {
          "context": Object {
            "compilation": "718159f8e48dcecd92c9",
            "module": "./src/sub-module.ts",
          },
        },
        "query": "
            $input: resolveInputFile();
            {
              module: #.module.resolveModule(#.compilation),
            }
            ",
        "type": "discovery",
      },
    ],
    "filename": "input.json",
    "message": "Module ./src/sub-module.ts should not be used",
    "related": Array [
      Object {
        "id": "./src/sub-module.ts",
        "type": "module",
      },
    ],
  },
  Object {
    "compilation": "718159f8e48dcecd92c9",
    "details": Array [
      Object {
        "filename": "input.json",
        "payload": Object {
          "context": Object {
            "compilation": "718159f8e48dcecd92c9",
            "module": "./src/index2.ts + 1 modules",
          },
        },
        "query": "
            $input: resolveInputFile();
            {
              module: #.module.resolveModule(#.compilation),
            }
            ",
        "type": "discovery",
      },
    ],
    "filename": "input.json",
    "message": "Module ./src/index2.ts + 1 modules should not be used",
    "related": Array [
      Object {
        "id": "./src/index2.ts + 1 modules",
        "type": "module",
      },
    ],
  },
  Object {
    "compilation": "718159f8e48dcecd92c9",
    "details": Array [
      Object {
        "filename": "input.json",
        "payload": Object {
          "context": Object {
            "compilation": "718159f8e48dcecd92c9",
            "module": "./src/index2.ts",
          },
        },
        "query": "
            $input: resolveInputFile();
            {
              module: #.module.resolveModule(#.compilation),
            }
            ",
        "type": "discovery",
      },
    ],
    "filename": "input.json",
    "message": "Module ./src/index2.ts should not be used",
    "related": Array [
      Object {
        "id": "./src/index2.ts",
        "type": "module",
      },
    ],
  },
  Object {
    "compilation": "718159f8e48dcecd92c9",
    "details": Array [
      Object {
        "filename": "input.json",
        "payload": Object {
          "context": Object {
            "compilation": "718159f8e48dcecd92c9",
            "module": "./src/index2.css",
          },
        },
        "query": "
            $input: resolveInputFile();
            {
              module: #.module.resolveModule(#.compilation),
            }
            ",
        "type": "discovery",
      },
    ],
    "filename": "input.json",
    "message": "Module ./src/index2.css should not be used",
    "related": Array [
      Object {
        "id": "./src/index2.css",
        "type": "module",
      },
    ],
  },
  Object {
    "compilation": "718159f8e48dcecd92c9",
    "details": Array [
      Object {
        "filename": "input.json",
        "payload": Object {
          "context": Object {
            "compilation": "718159f8e48dcecd92c9",
            "module": "./src/test.txt",
          },
        },
        "query": "
            $input: resolveInputFile();
            {
              module: #.module.resolveModule(#.compilation),
            }
            ",
        "type": "discovery",
      },
    ],
    "filename": "input.json",
    "message": "Module ./src/test.txt should not be used",
    "related": Array [
      Object {
        "id": "./src/test.txt",
        "type": "module",
      },
    ],
  },
  Object {
    "compilation": "718159f8e48dcecd92c9",
    "details": Array [
      Object {
        "filename": "input.json",
        "payload": Object {
          "context": Object {
            "compilation": "718159f8e48dcecd92c9",
            "module": "./src/dyn.ts",
          },
        },
        "query": "
            $input: resolveInputFile();
            {
              module: #.module.resolveModule(#.compilation),
            }
            ",
        "type": "discovery",
      },
    ],
    "filename": "input.json",
    "message": "Module ./src/dyn.ts should not be used",
    "related": Array [
      Object {
        "id": "./src/dyn.ts",
        "type": "module",
      },
    ],
  },
  Object {
    "compilation": "718159f8e48dcecd92c9",
    "details": Array [
      Object {
        "filename": "input.json",
        "payload": Object {
          "context": Object {
            "compilation": "718159f8e48dcecd92c9",
            "module": "./src/statoscope.png",
          },
        },
        "query": "
            $input: resolveInputFile();
            {
              module: #.module.resolveModule(#.compilation),
            }
            ",
        "type": "discovery",
      },
    ],
    "filename": "input.json",
    "message": "Module ./src/statoscope.png should not be used",
    "related": Array [
      Object {
        "id": "./src/statoscope.png",
        "type": "module",
      },
    ],
  },
]
`;

exports[`not matches 1`] = `Array []`;
