// Jest Snapshot v1, https://goo.gl/fbAQLP

exports[`should work 1`] = `
Array [
  Array [
    "input.json",
  ],
  Array [
    "718159f8e48dcecd92c9",
  ],
  Array [
    "error  Module ./src/index.ts + 3 modules should not be used  webpack/restricted-modules",
  ],
  Array [
    "error  Module ./src/index.ts should not be used  webpack/restricted-modules",
  ],
  Array [
    "error  Module ./src/sub-module.ts should not be used  webpack/restricted-modules",
  ],
  Array [
    "error  Module ./src/index2.ts + 1 modules should not be used  webpack/restricted-modules",
  ],
  Array [
    "error  Module ./src/index2.ts should not be used  webpack/restricted-modules",
  ],
  Array [
    "error  Module ./src/index2.css should not be used  webpack/restricted-modules",
  ],
  Array [
    "error  Module ./src/test.txt should not be used  webpack/restricted-modules",
  ],
  Array [
    "error  Module ./src/dyn.ts should not be used  webpack/restricted-modules",
  ],
  Array [
    "error  Module ./src/statoscope.png should not be used  webpack/restricted-modules",
  ],
  Array [
    "error  foo@1.0.0 should not be used  webpack/restricted-packages",
  ],
  Array [
    "Instances:",
  ],
  Array [
    "- node_modules/foo  1.0.0",
  ],
  Array [
    "",
  ],
  Array [
    "10 problems (10 errors, 0 warnings)",
  ],
]
`;
