// Jest Snapshot v1, https://goo.gl/fbAQLP

exports[`matches 1`] = `
Array [
  Object {
    "compilation": undefined,
    "details": Array [
      Object {
        "filename": "input.json",
        "payload": Object {
          "context": Object {
            "after": 1,
            "before": 0,
            "module": "./src/index.ts + 3 modules",
          },
        },
        "query": "
              $input: resolveInputFile();
              {
                module: $input.compilations.hash.(#.module.resolveModule($)).pick(),
                before: #.before,
                after: #.after,
              }
              ",
        "type": "discovery",
      },
    ],
    "filename": "input.json",
    "message": "Usage of ./src/index.ts + 3 modules was increased from 0 to 1",
    "related": Array [
      Object {
        "id": "./src/index.ts + 3 modules",
        "type": "module",
      },
    ],
  },
  Object {
    "compilation": undefined,
    "details": Array [
      Object {
        "filename": "input.json",
        "payload": Object {
          "context": Object {
            "after": 4,
            "before": 0,
            "module": "../node_modules/is-array/index.js",
          },
        },
        "query": "
              $input: resolveInputFile();
              {
                module: $input.compilations.hash.(#.module.resolveModule($)).pick(),
                before: #.before,
                after: #.after,
              }
              ",
        "type": "discovery",
      },
    ],
    "filename": "input.json",
    "message": "Usage of ../node_modules/is-array/index.js was increased from 0 to 4",
    "related": Array [
      Object {
        "id": "../node_modules/is-array/index.js",
        "type": "module",
      },
    ],
  },
  Object {
    "compilation": undefined,
    "details": Array [
      Object {
        "filename": "input.json",
        "payload": Object {
          "context": Object {
            "after": 2,
            "before": 0,
            "module": "../node_modules/css-loader/dist/runtime/api.js",
          },
        },
        "query": "
              $input: resolveInputFile();
              {
                module: $input.compilations.hash.(#.module.resolveModule($)).pick(),
                before: #.before,
                after: #.after,
              }
              ",
        "type": "discovery",
      },
    ],
    "filename": "input.json",
    "message": "Usage of ../node_modules/css-loader/dist/runtime/api.js was increased from 0 to 2",
    "related": Array [
      Object {
        "id": "../node_modules/css-loader/dist/runtime/api.js",
        "type": "module",
      },
    ],
  },
  Object {
    "compilation": undefined,
    "details": Array [
      Object {
        "filename": "input.json",
        "payload": Object {
          "context": Object {
            "after": 2,
            "before": 0,
            "module": "../node_modules/css-loader/dist/runtime/getUrl.js",
          },
        },
        "query": "
              $input: resolveInputFile();
              {
                module: $input.compilations.hash.(#.module.resolveModule($)).pick(),
                before: #.before,
                after: #.after,
              }
              ",
        "type": "discovery",
      },
    ],
    "filename": "input.json",
    "message": "Usage of ../node_modules/css-loader/dist/runtime/getUrl.js was increased from 0 to 2",
    "related": Array [
      Object {
        "id": "../node_modules/css-loader/dist/runtime/getUrl.js",
        "type": "module",
      },
    ],
  },
  Object {
    "compilation": undefined,
    "details": Array [
      Object {
        "filename": "input.json",
        "payload": Object {
          "context": Object {
            "after": 2,
            "before": 1,
            "module": "./node_modules/foo/node_modules/bar/index.js",
          },
        },
        "query": "
              $input: resolveInputFile();
              {
                module: $input.compilations.hash.(#.module.resolveModule($)).pick(),
                before: #.before,
                after: #.after,
              }
              ",
        "type": "discovery",
      },
    ],
    "filename": "input.json",
    "message": "Usage of ./node_modules/foo/node_modules/bar/index.js was increased from 1 to 2",
    "related": Array [
      Object {
        "id": "./node_modules/foo/node_modules/bar/index.js",
        "type": "module",
      },
    ],
  },
]
`;

exports[`not matches 1`] = `Array []`;
