// Jest Snapshot v1, https://goo.gl/fbAQLP

exports[`module matches 1`] = `
Array [
  Object {
    "compilation": "09913f11a4a7b3c92a1e",
    "details": undefined,
    "filename": "stats.json",
    "message": "./src/index.ts should not be used",
    "type": "error",
  },
  Object {
    "compilation": "09913f11a4a7b3c92a1e",
    "details": undefined,
    "filename": "stats.json",
    "message": "./src/index.ts + 3 modules should not be used",
    "type": "error",
  },
  Object {
    "compilation": "09913f11a4a7b3c92a1e",
    "details": undefined,
    "filename": "stats.json",
    "message": "./src/index.ts should not be used",
    "type": "error",
  },
  Object {
    "compilation": "09913f11a4a7b3c92a1e",
    "details": undefined,
    "filename": "stats.json",
    "message": "./src/sub-module.ts should not be used",
    "type": "error",
  },
  Object {
    "compilation": "09913f11a4a7b3c92a1e",
    "details": undefined,
    "filename": "stats.json",
    "message": "./src/index2.ts + 1 modules should not be used",
    "type": "error",
  },
  Object {
    "compilation": "09913f11a4a7b3c92a1e",
    "details": undefined,
    "filename": "stats.json",
    "message": "./src/index2.ts should not be used",
    "type": "error",
  },
  Object {
    "compilation": "09913f11a4a7b3c92a1e",
    "details": undefined,
    "filename": "stats.json",
    "message": "./src/index2.css should not be used",
    "type": "error",
  },
  Object {
    "compilation": "09913f11a4a7b3c92a1e",
    "details": undefined,
    "filename": "stats.json",
    "message": "./src/test.txt should not be used",
    "type": "error",
  },
  Object {
    "compilation": "09913f11a4a7b3c92a1e",
    "details": undefined,
    "filename": "stats.json",
    "message": "./src/dyn.ts should not be used",
    "type": "error",
  },
  Object {
    "compilation": "09913f11a4a7b3c92a1e",
    "details": undefined,
    "filename": "stats.json",
    "message": "./src/statoscope.png should not be used",
    "type": "error",
  },
  Object {
    "compilation": "09913f11a4a7b3c92a1e",
    "details": undefined,
    "filename": "stats.json",
    "message": "./src/index.ts should not be used",
    "type": "error",
  },
  Object {
    "compilation": "09913f11a4a7b3c92a1e",
    "details": undefined,
    "filename": "stats.json",
    "message": "./src/index.ts + 3 modules should not be used",
    "type": "error",
  },
  Object {
    "compilation": "09913f11a4a7b3c92a1e",
    "details": undefined,
    "filename": "stats.json",
    "message": "./src/index.ts should not be used",
    "type": "error",
  },
  Object {
    "compilation": "09913f11a4a7b3c92a1e",
    "details": undefined,
    "filename": "stats.json",
    "message": "./src/sub-module.ts should not be used",
    "type": "error",
  },
  Object {
    "compilation": "09913f11a4a7b3c92a1e",
    "details": undefined,
    "filename": "stats.json",
    "message": "./src/index2.ts + 1 modules should not be used",
    "type": "error",
  },
  Object {
    "compilation": "09913f11a4a7b3c92a1e",
    "details": undefined,
    "filename": "stats.json",
    "message": "./src/index2.ts should not be used",
    "type": "error",
  },
  Object {
    "compilation": "09913f11a4a7b3c92a1e",
    "details": undefined,
    "filename": "stats.json",
    "message": "./src/index2.css should not be used",
    "type": "error",
  },
  Object {
    "compilation": "09913f11a4a7b3c92a1e",
    "details": undefined,
    "filename": "stats.json",
    "message": "./src/test.txt should not be used",
    "type": "error",
  },
  Object {
    "compilation": "09913f11a4a7b3c92a1e",
    "details": undefined,
    "filename": "stats.json",
    "message": "./src/dyn.ts should not be used",
    "type": "error",
  },
  Object {
    "compilation": "09913f11a4a7b3c92a1e",
    "details": undefined,
    "filename": "stats.json",
    "message": "./src/statoscope.png should not be used",
    "type": "error",
  },
]
`;

exports[`module not matches 1`] = `Array []`;

exports[`package matches 1`] = `
Array [
  Object {
    "compilation": "09913f11a4a7b3c92a1e",
    "details": Array [
      Object {
        "content": "Instance: node_modules/foo  1.0.0",
        "type": "text",
      },
      Object {
        "content": "Instance: node_modules/foo  [33m1.0.0[39m",
        "type": "tty",
      },
    ],
    "filename": "stats.json",
    "message": "foo@1.0.0 should not be used",
    "type": "error",
  },
  Object {
    "compilation": "09913f11a4a7b3c92a1e",
    "details": Array [
      Object {
        "content": "Instance: node_modules/foo  1.0.0",
        "type": "text",
      },
      Object {
        "content": "Instance: node_modules/foo  [33m1.0.0[39m",
        "type": "tty",
      },
    ],
    "filename": "stats.json",
    "message": "foo@1.0.0 should not be used",
    "type": "error",
  },
  Object {
    "compilation": "09913f11a4a7b3c92a1e",
    "details": Array [
      Object {
        "content": "Instance: node_modules/foo  1.0.0",
        "type": "text",
      },
      Object {
        "content": "Instance: node_modules/foo  [33m1.0.0[39m",
        "type": "tty",
      },
    ],
    "filename": "stats.json",
    "message": "foo@1.0.0 should not be used",
    "type": "error",
  },
  Object {
    "compilation": "09913f11a4a7b3c92a1e",
    "details": Array [
      Object {
        "content": "Instance: node_modules/foo  1.0.0",
        "type": "text",
      },
      Object {
        "content": "Instance: node_modules/foo  [33m1.0.0[39m",
        "type": "tty",
      },
    ],
    "filename": "stats.json",
    "message": "foo@1.0.0 should not be used",
    "type": "error",
  },
  Object {
    "compilation": "09913f11a4a7b3c92a1e",
    "details": Array [
      Object {
        "content": "Instance: node_modules/foo  1.0.0",
        "type": "text",
      },
      Object {
        "content": "Instance: node_modules/foo  [33m1.0.0[39m",
        "type": "tty",
      },
    ],
    "filename": "stats.json",
    "message": "foo@1.0.0 should not be used",
    "type": "error",
  },
]
`;

exports[`package not matches 1`] = `Array []`;
