// Jest Snapshot v1, https://goo.gl/fbAQLP

exports[`stats-with-reports.json, 1`] = `"{\\"__statoscope\\":{\\"extensions\\":[{\\"descriptor\\":{\\"name\\":\\"foo\\"}},{\\"descriptor\\":{\\"name\\":\\"@statoscope/stats-extension-custom-reports\\",\\"version\\":\\"5.13.1\\",\\"author\\":{\\"name\\":\\"Sergey Melyukov\\",\\"url\\":\\"https://twitter.com/smelukov\\"},\\"homepage\\":\\"https://github.com/statoscope/statoscope/\\",\\"description\\":\\"Statoscope extension to store custom reports in stats\\"},\\"payload\\":{\\"compilations\\":[{\\"id\\":null,\\"reports\\":[{\\"id\\":\\"baz\\",\\"view\\":[]},{\\"id\\":\\"foo\\",\\"data\\":[1,2,3],\\"view\\":[\\"struct\\"]}]}]}}]}}"`;

exports[`stats-with-reports.json, 2`] = `"{\\"__statoscope\\":{\\"extensions\\":[{\\"descriptor\\":{\\"name\\":\\"foo\\"}},{\\"descriptor\\":{\\"name\\":\\"@statoscope/stats-extension-custom-reports\\",\\"version\\":\\"5.13.1\\",\\"author\\":{\\"name\\":\\"Sergey Melyukov\\",\\"url\\":\\"https://twitter.com/smelukov\\"},\\"homepage\\":\\"https://github.com/statoscope/statoscope/\\",\\"description\\":\\"Statoscope extension to store custom reports in stats\\"},\\"payload\\":{\\"compilations\\":[{\\"id\\":null,\\"reports\\":[{\\"id\\":\\"baz\\",\\"view\\":[]},{\\"id\\":\\"foo\\",\\"data\\":[1,2,3],\\"view\\":[\\"struct\\"]},{\\"id\\":\\"bar\\",\\"data\\":[4,5,6],\\"view\\":[\\"list\\"]}]}]}}]}}"`;

exports[`stats-without-extensions.json, 1`] = `"{\\"__statoscope\\":{\\"extensions\\":[{\\"descriptor\\":{\\"name\\":\\"@statoscope/stats-extension-custom-reports\\",\\"version\\":\\"5.13.1\\",\\"author\\":{\\"name\\":\\"Sergey Melyukov\\",\\"url\\":\\"https://twitter.com/smelukov\\"},\\"homepage\\":\\"https://github.com/statoscope/statoscope/\\",\\"description\\":\\"Statoscope extension to store custom reports in stats\\"},\\"payload\\":{\\"compilations\\":[{\\"id\\":null,\\"reports\\":[{\\"id\\":\\"foo\\",\\"data\\":[1,2,3],\\"view\\":[\\"struct\\"]}]}]}}]}}"`;

exports[`stats-without-extensions.json, 2`] = `"{\\"__statoscope\\":{\\"extensions\\":[{\\"descriptor\\":{\\"name\\":\\"@statoscope/stats-extension-custom-reports\\",\\"version\\":\\"5.13.1\\",\\"author\\":{\\"name\\":\\"Sergey Melyukov\\",\\"url\\":\\"https://twitter.com/smelukov\\"},\\"homepage\\":\\"https://github.com/statoscope/statoscope/\\",\\"description\\":\\"Statoscope extension to store custom reports in stats\\"},\\"payload\\":{\\"compilations\\":[{\\"id\\":null,\\"reports\\":[{\\"id\\":\\"foo\\",\\"data\\":[1,2,3],\\"view\\":[\\"struct\\"]},{\\"id\\":\\"bar\\",\\"data\\":[4,5,6],\\"view\\":[\\"list\\"]}]}]}}]}}"`;

exports[`stats-without-meta.json, 1`] = `"{\\"__statoscope\\":{\\"extensions\\":[{\\"descriptor\\":{\\"name\\":\\"@statoscope/stats-extension-custom-reports\\",\\"version\\":\\"5.13.1\\",\\"author\\":{\\"name\\":\\"Sergey Melyukov\\",\\"url\\":\\"https://twitter.com/smelukov\\"},\\"homepage\\":\\"https://github.com/statoscope/statoscope/\\",\\"description\\":\\"Statoscope extension to store custom reports in stats\\"},\\"payload\\":{\\"compilations\\":[{\\"id\\":null,\\"reports\\":[{\\"id\\":\\"foo\\",\\"data\\":[1,2,3],\\"view\\":[\\"struct\\"]}]}]}}]}}"`;

exports[`stats-without-meta.json, 2`] = `"{\\"__statoscope\\":{\\"extensions\\":[{\\"descriptor\\":{\\"name\\":\\"@statoscope/stats-extension-custom-reports\\",\\"version\\":\\"5.13.1\\",\\"author\\":{\\"name\\":\\"Sergey Melyukov\\",\\"url\\":\\"https://twitter.com/smelukov\\"},\\"homepage\\":\\"https://github.com/statoscope/statoscope/\\",\\"description\\":\\"Statoscope extension to store custom reports in stats\\"},\\"payload\\":{\\"compilations\\":[{\\"id\\":null,\\"reports\\":[{\\"id\\":\\"foo\\",\\"data\\":[1,2,3],\\"view\\":[\\"struct\\"]},{\\"id\\":\\"bar\\",\\"data\\":[4,5,6],\\"view\\":[\\"list\\"]}]}]}}]}}"`;

exports[`stats-without-reports.json, 1`] = `"{\\"__statoscope\\":{\\"extensions\\":[{\\"descriptor\\":{\\"name\\":\\"foo\\"}},{\\"descriptor\\":{\\"name\\":\\"@statoscope/stats-extension-custom-reports\\",\\"version\\":\\"5.13.1\\",\\"author\\":{\\"name\\":\\"Sergey Melyukov\\",\\"url\\":\\"https://twitter.com/smelukov\\"},\\"homepage\\":\\"https://github.com/statoscope/statoscope/\\",\\"description\\":\\"Statoscope extension to store custom reports in stats\\"},\\"payload\\":{\\"compilations\\":[{\\"id\\":null,\\"reports\\":[{\\"id\\":\\"foo\\",\\"data\\":[1,2,3],\\"view\\":[\\"struct\\"]}]}]}}]}}"`;

exports[`stats-without-reports.json, 2`] = `"{\\"__statoscope\\":{\\"extensions\\":[{\\"descriptor\\":{\\"name\\":\\"foo\\"}},{\\"descriptor\\":{\\"name\\":\\"@statoscope/stats-extension-custom-reports\\",\\"version\\":\\"5.13.1\\",\\"author\\":{\\"name\\":\\"Sergey Melyukov\\",\\"url\\":\\"https://twitter.com/smelukov\\"},\\"homepage\\":\\"https://github.com/statoscope/statoscope/\\",\\"description\\":\\"Statoscope extension to store custom reports in stats\\"},\\"payload\\":{\\"compilations\\":[{\\"id\\":null,\\"reports\\":[{\\"id\\":\\"foo\\",\\"data\\":[1,2,3],\\"view\\":[\\"struct\\"]},{\\"id\\":\\"bar\\",\\"data\\":[4,5,6],\\"view\\":[\\"list\\"]}]}]}}]}}"`;
