// Jest Snapshot v1, https://goo.gl/fbAQLP

exports[`maxBuildTimeDiff global 1`] = `
Array [
  Object {
    "compilation": "9eb9a218218f1ee4ba40",
    "details": Array [
      Object {
        "payload": Object {
          "context": Object {
            "diff": Object {
              "absolute": 200,
              "ok": false,
              "percent": 31.79650238473768,
            },
            "rule": Object {
              "number": 1,
              "type": "absolute",
            },
            "slowestInputCompilation": "9eb9a218218f1ee4ba40",
            "slowestReferenceCompilation": "34ea3837a1050e206fe0",
          },
        },
        "query": "
            {
              slowestInputCompilation: #.slowestInputCompilation.resolveStat().compilation,
              slowestReferenceCompilation: #.slowestReferenceCompilation.resolveStat().compilation,
              rule: #.rule,
              diff: #.diff,
            }
            ",
        "type": "discovery",
      },
    ],
    "filename": "input.json",
    "message": "Entry \\"9eb9a21\\": Build time diff is 829 ms (31.80%). It's over the 1 ms limit",
    "related": Array [
      Object {
        "id": "9eb9a218218f1ee4ba40",
        "type": "compilation",
      },
    ],
  },
]
`;

exports[`maxBuildTimeDiff not match - global 1`] = `Array []`;
