// Jest Snapshot v1, https://goo.gl/fbAQLP

exports[`error 1`] = `
Object {
  "description": " foo",
  "package": Object {
    "name": "foo",
    "version": "1.0.0",
  },
}
`;

exports[`error 2`] = `
Array [
  Object {
    "compilation": undefined,
    "details": undefined,
    "filename": undefined,
    "message": "foo-message",
    "related": undefined,
  },
  Object {
    "compilation": undefined,
    "details": undefined,
    "filename": "foo-filename",
    "message": "bar-message",
    "related": undefined,
  },
  Object {
    "compilation": "foo-compilation",
    "details": Array [
      Object {
        "content": "foo",
        "type": "text",
      },
    ],
    "filename": "foo-filename",
    "message": "baz-message",
    "related": Array [
      Object {
        "id": "foo-module",
        "type": "module",
      },
      Object {
        "id": "foo-package",
        "type": "package",
      },
    ],
  },
]
`;
